Archive member included because of file (symbol)

c:/Espressif/ESP8266_SDK/lib\libmain.a(debug-vector.o)
                              (_DebugExceptionVector)
c:/Espressif/ESP8266_SDK/lib\libmain.a(double-vector.o)
                              (_DoubleExceptionVector)
c:/Espressif/ESP8266_SDK/lib\libmain.a(kernel-vector.o)
                              (_KernelExceptionVector)
c:/Espressif/ESP8266_SDK/lib\libmain.a(nmi-vector.o)
                              (_NMIExceptionVector)
c:/Espressif/ESP8266_SDK/lib\libmain.a(user-vector.o)
                              (_UserExceptionVector)
c:/Espressif/ESP8266_SDK/lib\libmain.a(vector.o)
                              (call_user_start)
c:/Espressif/ESP8266_SDK/lib\libmain.a(app_main.o)
                              c:/Espressif/ESP8266_SDK/lib\libmain.a(nmi-vector.o) (NMI_Handler)
c:/Espressif/ESP8266_SDK/lib\libmain.a(ets_timer.o)
                              c:/Espressif/ESP8266_SDK/lib\libmain.a(app_main.o) (ets_timer_setfn)
c:/Espressif/ESP8266_SDK/lib\libmain.a(mem_manager.o)
                              c:/Espressif/ESP8266_SDK/lib\libmain.a(app_main.o) (pvPortMalloc)
c:/Espressif/ESP8266_SDK/lib\libmain.a(spi_flash.o)
                              c:/Espressif/ESP8266_SDK/lib\libmain.a(app_main.o) (spi_flash_read)
c:/Espressif/ESP8266_SDK/lib\libmain.a(user_interface.o)
                              c:/Espressif/ESP8266_SDK/lib\libmain.a(app_main.o) (done_cb)
c:/Espressif/ESP8266_SDK/lib\libmain.a(eagle_lib.o)
                              c:/Espressif/ESP8266_SDK/lib\libmain.a(user_interface.o) (ets_sprintf)
c:/Espressif/ESP8266_SDK/lib\libmain.a(eagle_lwip_if.o)
                              c:/Espressif/ESP8266_SDK/lib\libmain.a(user_interface.o) (eagle_lwip_getif)
c:/Users/klemen/git/Sming/Sming/compiler/lib/\libsming.a(user_main.o)
                              c:/Espressif/ESP8266_SDK/lib\libmain.a(app_main.o) (user_init)
c:/Users/klemen/git/Sming/Sming/compiler/lib/\libsming.a(System.o)
                              c:/Users/klemen/git/Sming/Sming/compiler/lib/\libsming.a(user_main.o) (SystemClass::initialize())
c:/Users/klemen/git/Sming/Sming/compiler/lib/\libsming.a(spiffs.o)
                              c:/Users/klemen/git/Sming/Sming/compiler/lib/\libsming.a(user_main.o) (spiffs_mount)
c:/Users/klemen/git/Sming/Sming/compiler/lib/\libsming.a(spiffs_hydrogen.o)
                              c:/Users/klemen/git/Sming/Sming/compiler/lib/\libsming.a(spiffs.o) (SPIFFS_mount)
c:/Users/klemen/git/Sming/Sming/compiler/lib/\libsming.a(spiffs_nucleus.o)
                              c:/Users/klemen/git/Sming/Sming/compiler/lib/\libsming.a(spiffs_hydrogen.o) (spiffs_obj_lu_find_entry_visitor)
c:/Users/klemen/git/Sming/Sming/compiler/lib/\libsming.a(esp_cplusplus.o)
                              c:/Users/klemen/git/Sming/Sming/compiler/lib/\libsming.a(user_main.o) (cpp_core_initialize)
c:/Users/klemen/git/Sming/Sming/compiler/lib/\libsming.a(IPAddress.o)
                              c:/Users/klemen/git/Sming/Sming/compiler/lib/\libsming.a(user_main.o) (IPAddress::IPAddress(unsigned char, unsigned char, unsigned char, unsigned char))
c:/Users/klemen/git/Sming/Sming/compiler/lib/\libsming.a(Print.o)
                              c:/Users/klemen/git/Sming/Sming/compiler/lib/\libsming.a(IPAddress.o) (Print::print(char))
c:/Users/klemen/git/Sming/Sming/compiler/lib/\libsming.a(WString.o)
                              c:/Users/klemen/git/Sming/Sming/compiler/lib/\libsming.a(IPAddress.o) (String::~String())
c:/Users/klemen/git/Sming/Sming/compiler/lib/\libsming.a(Interrupts.o)
                              c:/Users/klemen/git/Sming/Sming/compiler/lib/\libsming.a(System.o) (noInterrupts())
c:/Users/klemen/git/Sming/Sming/compiler/lib/\libsming.a(flashmem.o)
                              c:/Users/klemen/git/Sming/Sming/compiler/lib/\libsming.a(spiffs.o) (flashmem_erase_sector)
c:/Users/klemen/git/Sming/Sming/compiler/lib/\libsming.a(spiffs_cache.o)
                              c:/Users/klemen/git/Sming/Sming/compiler/lib/\libsming.a(spiffs_hydrogen.o) (spiffs_phys_rd)
c:/Users/klemen/git/Sming/Sming/compiler/lib/\libsming.a(spiffs_check.o)
                              c:/Users/klemen/git/Sming/Sming/compiler/lib/\libsming.a(spiffs_hydrogen.o) (spiffs_lookup_consistency_check)
c:/Users/klemen/git/Sming/Sming/compiler/lib/\libsming.a(spiffs_gc.o)
                              c:/Users/klemen/git/Sming/Sming/compiler/lib/\libsming.a(spiffs_nucleus.o) (spiffs_gc_quick)
c:/Users/klemen/git/Sming/Sming/compiler/lib/\libsming.a(stringconversion.o)
                              c:/Users/klemen/git/Sming/Sming/compiler/lib/\libsming.a(WString.o) (ltoa)
c:/Users/klemen/git/Sming/Sming/compiler/lib/\libsming.a(Digital.o)
                              c:/Users/klemen/git/Sming/Sming/compiler/lib/\libsming.a(Interrupts.o) (pinMode(unsigned short, unsigned char))
out/build/app_app.a(application.o)
[...]
Memory Configuration

Name             Origin             Length             Attributes
dport0_0_seg     0x3ff00000         0x00000010
dram0_0_seg      0x3ffe8000         0x00014000
iram1_0_seg      0x40100000         0x00008000
irom0_0_seg      0x40209000         0x00042000
*default*        0x00000000         0xffffffff

Linker script and memory map

START GROUP
LOAD c:/Users/klemen/git/Sming/Sming/compiler/lib/\libmicroc.a
LOAD c:/Users/klemen/git/Sming/Sming/compiler/lib/\libmicrogcc.a
LOAD c:/espressif/xtensa-lx106-elf/bin/../lib/gcc/xtensa-lx106-elf/4.8.2/../../../../xtensa-lx106-elf/lib\libhal.a
LOAD c:/Espressif/ESP8266_SDK/lib\libphy.a
LOAD c:/Espressif/ESP8266_SDK/lib\libpp.a
LOAD c:/Espressif/ESP8266_SDK/lib\libnet80211.a
LOAD c:/Espressif/ESP8266_SDK/lib\liblwip.a
LOAD c:/Espressif/ESP8266_SDK/lib\libwpa.a
LOAD c:/Espressif/ESP8266_SDK/lib\libmain.a
LOAD c:/Users/klemen/git/Sming/Sming/compiler/lib/\libsming.a
LOAD out/build/app_app.a
END GROUP
                0x40000000                PROVIDE (_memmap_vecbase_reset, 0x40000000)
                0x00000110                _memmap_cacheattr_wb_base = 0x110
                0x00000110                _memmap_cacheattr_wt_base = 0x110
                0x00000220                _memmap_cacheattr_bp_base = 0x220
                0xfffff00f                _memmap_cacheattr_unused_mask = 0xfffff00f
                0x2222211f                _memmap_cacheattr_wb_trapnull = 0x2222211f
                0x2222211f                _memmap_cacheattr_wba_trapnull = 0x2222211f
                0x2222211f                _memmap_cacheattr_wbna_trapnull = 0x2222211f
                0x2222211f                _memmap_cacheattr_wt_trapnull = 0x2222211f
                0x2222222f                _memmap_cacheattr_bp_trapnull = 0x2222222f
                0xfffff11f                _memmap_cacheattr_wb_strict = 0xfffff11f
                0xfffff11f                _memmap_cacheattr_wt_strict = 0xfffff11f
                0xfffff22f                _memmap_cacheattr_bp_strict = 0xfffff22f
                0x22222112                _memmap_cacheattr_wb_allvalid = 0x22222112
                0x22222112                _memmap_cacheattr_wt_allvalid = 0x22222112
                0x22222222                _memmap_cacheattr_bp_allvalid = 0x22222222
                0x2222211f                PROVIDE (_memmap_cacheattr_reset, _memmap_cacheattr_wb_trapnull)

.dport0.rodata  0x3ff00000        0x0
                0x3ff00000                _dport0_rodata_start = ABSOLUTE (.)
 *(.dport0.rodata)
 *(.dport.rodata)
                0x3ff00000                _dport0_rodata_end = ABSOLUTE (.)

.dport0.literal
                0x3ff00000        0x0
                0x3ff00000                _dport0_literal_start = ABSOLUTE (.)
 *(.dport0.literal)
 *(.dport.literal)
                0x3ff00000                _dport0_literal_end = ABSOLUTE (.)

.dport0.data    0x3ff00000        0x0
                0x3ff00000                _dport0_data_start = ABSOLUTE (.)
 *(.dport0.data)
 *(.dport.data)
                0x3ff00000                _dport0_data_end = ABSOLUTE (.)

.data           0x3ffe8000      0x53c
                0x3ffe8000                _data_start = ABSOLUTE (.)
 *(.data)
 .data          0x3ffe8000        0x4 c:/Espressif/ESP8266_SDK/lib\libmain.a(nmi-vector.o)
                0x3ffe8000                _Pri_3_HandlerAddress
 .data          0x3ffe8004        0x1 c:/Espressif/ESP8266_SDK/lib\libmain.a(app_main.o)
 *fill*         0x3ffe8005        0x3 
 .data          0x3ffe8008        0x5 c:/Espressif/ESP8266_SDK/lib\libmain.a(user_interface.o)
                0x3ffe8009                timer2_ms_flag
                0x3ffe800a                dhcps_flag
                0x3ffe800b                dhcpc_flag
                0x3ffe800c                reconnect_internal
 *fill*         0x3ffe800d        0x3 
 .data          0x3ffe8010       0x53 c:/Espressif/ESP8266_SDK/lib\libphy.a(phy_chip_v6.o)
                0x3ffe8012                tx_rf_ana_gain
                0x3ffe8034                tx_pwctrl_atten_init_en
                0x3ffe8040                rx_gain_swp
                0x3ffe8060                test_rffreq_txcap
 *fill*         0x3ffe8063        0x1 
 .data          0x3ffe8064        0x4 c:/Espressif/ESP8266_SDK/lib\libphy.a(phy_sleep.o)
                0x3ffe8064                chip_version
 .data          0x3ffe8068        0x1 c:/Espressif/ESP8266_SDK/lib\libpp.a(pm.o)
 *fill*         0x3ffe8069        0x3 
 .data          0x3ffe806c       0x1c c:/Espressif/ESP8266_SDK/lib\libpp.a(pp.o)
                0x3ffe806c                soft_wdt_interval
                0x3ffe8070                NoiseTimerInterval
                0x3ffe8078                sleep_start_wait_time
                0x3ffe8084                tcb
 *fill*         0x3ffe8088        0x8 
 .data          0x3ffe8090       0x40 c:/Espressif/ESP8266_SDK/lib\libpp.a(rate_control.o)
 .data          0x3ffe80d0      0x22c c:/Espressif/ESP8266_SDK/lib\libpp.a(trc.o)
 *fill*         0x3ffe82fc        0x4 
 .data          0x3ffe8300       0x10 c:/Espressif/ESP8266_SDK/lib\libpp.a(wdev.o)
 .data          0x3ffe8310      0x1a8 c:/Espressif/ESP8266_SDK/lib\libnet80211.a(ieee80211_phy.o)
 .data          0x3ffe84b8        0x6 c:/Espressif/ESP8266_SDK/lib\libnet80211.a(ieee80211_proto.o)
                0x3ffe84b8                ieee80211_addr_bcast
 *fill*         0x3ffe84be        0x2 
 .data          0x3ffe84c0       0x1c c:/Espressif/ESP8266_SDK/lib\libnet80211.a(ieee80211_action.o)
 .data          0x3ffe84dc        0x4 c:/Espressif/ESP8266_SDK/lib\liblwip.a(dhcp.o)
 .data          0x3ffe84e0        0x8 c:/Espressif/ESP8266_SDK/lib\liblwip.a(dhcpserver.o)
 .data          0x3ffe84e8        0x8 c:/Espressif/ESP8266_SDK/lib\liblwip.a(tcp.o)
 .data          0x3ffe84f0       0x18 c:/Espressif/ESP8266_SDK/lib\libnet80211.a(ieee80211_crypto_ccmp.o)
                0x3ffe84f0                ccmp
 .data          0x3ffe8508       0x18 c:/Espressif/ESP8266_SDK/lib\libnet80211.a(ieee80211_crypto_tkip.o)
                0x3ffe8508                tkip
 .data          0x3ffe8520       0x18 c:/Espressif/ESP8266_SDK/lib\libnet80211.a(ieee80211_crypto_wep.o)
                0x3ffe8520                wep
 *(.data.*)
 .data.stepDir  0x3ffe8538        0x4 out/build/app_app.a(application.o)
                0x3ffe8538                stepDir
 *(.gnu.linkonce.d.*)
 *(.data1)
 *(.sdata)
 *(.sdata.*)
 *(.gnu.linkonce.s.*)
 *(.sdata2)
 *(.sdata2.*)
 *(.gnu.linkonce.s2.*)
 *(.jcr)
                0x3ffe853c                _data_end = ABSOLUTE (.)

.rodata         0x3ffe8540      0xf44
                0x3ffe8540                _rodata_start = ABSOLUTE (.)
 *(.rodata)
 .rodata        0x3ffe8540        0x2 c:/Espressif/ESP8266_SDK/lib\libmain.a(mem_manager.o)
 *fill*         0x3ffe8542        0x2 
 .rodata        0x3ffe8544        0x8 c:/Espressif/ESP8266_SDK/lib\libmain.a(eagle_lib.o)
 .rodata        0x3ffe854c        0x8 c:/Espressif/ESP8266_SDK/lib\libphy.a(phy_chip_v6.o)
 .rodata        0x3ffe8554        0x3 c:/Espressif/ESP8266_SDK/lib\libpp.a(pp.o)
 *fill*         0x3ffe8557        0x1 
 .rodata        0x3ffe8558        0x4 c:/Espressif/ESP8266_SDK/lib\libnet80211.a(ieee80211_hostap.o)
 .rodata        0x3ffe855c        0x4 c:/Espressif/ESP8266_SDK/lib\libnet80211.a(ieee80211_output.o)
 .rodata        0x3ffe8560       0x70 c:/Espressif/ESP8266_SDK/lib\libnet80211.a(ieee80211_proto.o)
 .rodata        0x3ffe85d0        0x8 c:/Espressif/ESP8266_SDK/lib\libnet80211.a(wl_cnx.o)
 .rodata        0x3ffe85d8        0x8 c:/Espressif/ESP8266_SDK/lib\liblwip.a(dhcpserver.o)
 .rodata        0x3ffe85e0        0xc c:/Espressif/ESP8266_SDK/lib\liblwip.a(etharp.o)
                0x3ffe85e0                ethbroadcast
                0x3ffe85e6                ethzero
 .rodata        0x3ffe85ec        0x8 c:/Espressif/ESP8266_SDK/lib\liblwip.a(ip_addr.o)
                0x3ffe85ec                ip_addr_any
                0x3ffe85f0                ip_addr_broadcast
 *fill*         0x3ffe85f4        0xc 
 .rodata        0x3ffe8600       0x14 c:/Espressif/ESP8266_SDK/lib\liblwip.a(memp.o)
                0x3ffe8600                memp_sizes
 *fill*         0x3ffe8614        0xc 
 .rodata        0x3ffe8620       0x2d c:/Espressif/ESP8266_SDK/lib\liblwip.a(tcp.o)
                0x3ffe8620                tcp_pcb_lists
                0x3ffe8630                tcp_persist_backoff
                0x3ffe8640                tcp_backoff
 *fill*         0x3ffe864d        0x3 
 .rodata        0x3ffe8650        0x6 c:/Espressif/ESP8266_SDK/lib\libwpa.a(ap_config.o)
 *fill*         0x3ffe8656        0x2 
 .rodata        0x3ffe8658        0x8 c:/Espressif/ESP8266_SDK/lib\libwpa.a(wpa.o)
 .rodata        0x3ffe8660        0xc c:/Espressif/ESP8266_SDK/lib\libwpa.a(wpa_common.o)
 .rodata        0x3ffe866c      0x100 c:/Users/klemen/git/Sming/Sming/compiler/lib/\libmicrogcc.a(_popcount_tab.o)
                0x3ffe866c                __popcount_tab
 *(.rodata.*)
 .rodata.str1.4
                0x3ffe876c       0x73 c:/Espressif/ESP8266_SDK/lib\libmain.a(app_main.o)
 *fill*         0x3ffe87df        0x1 
 .rodata.str1.4
                0x3ffe87e0       0x14 c:/Espressif/ESP8266_SDK/lib\libmain.a(ets_timer.o)
 .rodata.str1.4
                0x3ffe87f4       0x28 c:/Espressif/ESP8266_SDK/lib\libmain.a(mem_manager.o)
 .rodata.str1.4
                0x3ffe881c       0x1b c:/Espressif/ESP8266_SDK/lib\libmain.a(user_interface.o)
                                 0x22 (size before relaxing)
 *fill*         0x3ffe8837        0x1 
 .rodata._ZL14EspDigitalPins
                0x3ffe8838       0xc0 c:/Users/klemen/git/Sming/Sming/compiler/lib/\libsming.a(user_main.o)
 .rodata._ZTV6VectorI8DelegateIFvvEEE
                0x3ffe88f8       0x1c c:/Users/klemen/git/Sming/Sming/compiler/lib/\libsming.a(System.o)
                0x3ffe88f8                vtable for Vector<Delegate<void ()> >
 *fill*         0x3ffe8914        0x4 
 .rodata._ZTV6VectorIP19ISystemReadyHandlerE
                0x3ffe8918       0x1c c:/Users/klemen/git/Sming/Sming/compiler/lib/\libsming.a(System.o)
                0x3ffe8918                vtable for Vector<ISystemReadyHandler*>
 .rodata.str1.1
                0x3ffe8934      0x163 c:/Users/klemen/git/Sming/Sming/compiler/lib/\libsming.a(spiffs.o)
                                0x165 (size before relaxing)
 .rodata.str1.1
                0x3ffe8a97       0x41 c:/Users/klemen/git/Sming/Sming/compiler/lib/\libsming.a(esp_cplusplus.o)
 .rodata._ZTV9IPAddress
                0x3ffe8ad8        0xc c:/Users/klemen/git/Sming/Sming/compiler/lib/\libsming.a(IPAddress.o)
                0x3ffe8ad8                vtable for IPAddress
 .rodata.str1.1
                0x00000000       0x41 c:/Users/klemen/git/Sming/Sming/compiler/lib/\libsming.a(WString.o)
                                  0x1 (size before relaxing)
 .rodata.str1.1
                0x3ffe8ae4       0x59 c:/Users/klemen/git/Sming/Sming/compiler/lib/\libsming.a(flashmem.o)
 *fill*         0x3ffe8b3d        0x3 
 .rodata.CSWTCH$10
                0x3ffe8b40       0x14 c:/Users/klemen/git/Sming/Sming/compiler/lib/\libsming.a(flashmem.o)
 .rodata.str1.1
                0x3ffe8b54       0x23 c:/Users/klemen/git/Sming/Sming/compiler/lib/\libsming.a(Digital.o)
 *fill*         0x3ffe8b77        0x1 
 .rodata._ZL14EspDigitalPins
                0x3ffe8b78       0xc0 c:/Users/klemen/git/Sming/Sming/compiler/lib/\libsming.a(Digital.o)
 .rodata.str1.1
                0x3ffe8c38       0x68 out/build/app_app.a(application.o)
 .rodata._ZTV15IDelegateCallerIvIEE
                0x3ffe8ca0       0x14 out/build/app_app.a(application.o)
                0x3ffe8ca0                vtable for IDelegateCaller<void>
 *fill*         0x3ffe8cb4        0x4 
 .rodata._ZTV14FunctionCallerIPFvvEvIEE
                0x3ffe8cb8       0x14 out/build/app_app.a(application.o)
                0x3ffe8cb8                vtable for FunctionCaller<void (*)(), void>
 .rodata.str1.1
                0x3ffe8ccc        0xc c:/Users/klemen/git/Sming/Sming/compiler/lib/\libmicroc.a(abort.o)
 .rodata.str1.4
                0x3ffe8cd8        0x7 c:/Espressif/ESP8266_SDK/lib\libpp.a(lmac.o)
                                  0xf (size before relaxing)
 *fill*         0x3ffe8cdf        0x1 
 .rodata.str1.4
                0x3ffe8ce0       0x17 c:/Espressif/ESP8266_SDK/lib\libpp.a(pm.o)
                                 0x1f (size before relaxing)
 *fill*         0x3ffe8cf7        0x1 
 .rodata.str1.4
                0x3ffe8cf8        0x5 c:/Espressif/ESP8266_SDK/lib\libpp.a(pp.o)
                                  0xd (size before relaxing)
 *fill*         0x3ffe8cfd        0x3 
 .rodata.str1.4
                0x3ffe8d00        0x7 c:/Espressif/ESP8266_SDK/lib\libpp.a(wdev.o)
                                  0xf (size before relaxing)
 .rodata.str1.4
                0x00000000        0x7 c:/Espressif/ESP8266_SDK/lib\libnet80211.a(ieee80211.o)
 .rodata.str1.4
                0x00000000        0x7 c:/Espressif/ESP8266_SDK/lib\libnet80211.a(ieee80211_output.o)
 *fill*         0x3ffe8d07        0x1 
 .rodata.str1.4
                0x3ffe8d08        0x4 c:/Espressif/ESP8266_SDK/lib\libnet80211.a(ieee80211_scan.o)
 .rodata.str1.4
                0x3ffe8d0c        0xf c:/Espressif/ESP8266_SDK/lib\liblwip.a(dns.o)
 .rodata.str1.4
                0x00000000        0xf c:/Espressif/ESP8266_SDK/lib\liblwip.a(espconn_tcp.o)
                                  0x1 (size before relaxing)
 *fill*         0x3ffe8d1b        0x1 
 .rodata.str1.4
                0x3ffe8d1c       0x88 c:/Espressif/ESP8266_SDK/lib\liblwip.a(mdns.o)
 .rodata.str1.4
                0x3ffe8da4       0x3c c:/Espressif/ESP8266_SDK/lib\libwpa.a(wpa_auth.o)
                                 0x43 (size before relaxing)
 .rodata.str1.4
                0x00000000       0x17 c:/Espressif/ESP8266_SDK/lib\libwpa.a(wpa.o)
 .rodata.str1.4
                0x3ffe8de0        0xc c:/Espressif/ESP8266_SDK/lib\libwpa.a(wpa_common.o)
                                  0x9 (size before relaxing)
 .rodata.str1.1
                0x00000000        0xc c:/Users/klemen/git/Sming/Sming/compiler/lib/\libsming.a(HardwareSerial.o)
                                  0x3 (size before relaxing)
 *fill*         0x3ffe8dec        0x4 
 .rodata._ZTV14HardwareSerial
                0x3ffe8df0       0x20 c:/Users/klemen/git/Sming/Sming/compiler/lib/\libsming.a(HardwareSerial.o)
                0x3ffe8df0                vtable for HardwareSerial
 .rodata.str1.1
                0x3ffe8e10      0x203 c:/Users/klemen/git/Sming/Sming/compiler/lib/\libsming.a(Station.o)
                                0x20f (size before relaxing)
 *fill*         0x3ffe9013        0x5 
 .rodata._ZTV19ISystemReadyHandler
                0x3ffe9018       0x14 c:/Users/klemen/git/Sming/Sming/compiler/lib/\libsming.a(Station.o)
                0x3ffe9018                vtable for ISystemReadyHandler
 *fill*         0x3ffe902c        0x4 
 .rodata._ZTV12StationClass
                0x3ffe9030       0x14 c:/Users/klemen/git/Sming/Sming/compiler/lib/\libsming.a(Station.o)
                0x3ffe9030                vtable for StationClass
 *fill*         0x3ffe9044        0x4 
 .rodata._ZTV6VectorI7BssInfoE
                0x3ffe9048       0x1c c:/Users/klemen/git/Sming/Sming/compiler/lib/\libsming.a(Station.o)
                0x3ffe9048                vtable for Vector<BssInfo>
 *fill*         0x3ffe9064        0x4 
 .rodata._ZTV8WDTClass
                0x3ffe9068       0x14 c:/Users/klemen/git/Sming/Sming/compiler/lib/\libsming.a(WDT.o)
                0x3ffe9068                vtable for WDTClass
 .rodata.str1.1
                0x3ffe907c       0xd4 c:/Users/klemen/git/Sming/Sming/compiler/lib/\libsming.a(CommandExecutor.o)
                                 0xd5 (size before relaxing)
 .rodata.str1.1
                0x3ffe9150      0x24e c:/Users/klemen/git/Sming/Sming/compiler/lib/\libsming.a(CommandHandler.o)
                                0x256 (size before relaxing)
 *fill*         0x3ffe939e        0x2 
 .rodata._ZN10AutoDriver12paramHandlerEhm
                0x3ffe93a0       0x64 c:/Users/klemen/git/Sming/Sming/compiler/lib/\libsming.a(SparkFunAutoDriverSupport.o)
 .rodata.str1.1
                0x00000000        0x1 c:/Users/klemen/git/Sming/Sming/compiler/lib/\libsming.a(CommandDelegate.o)
 *(.gnu.linkonce.r.*)
 *(.rodata1)
                0x3ffe9404                __XT_EXCEPTION_TABLE__ = ABSOLUTE (.)
 *(.xt_except_table)
 *(.gcc_except_table)
 *(.gnu.linkonce.e.*)
 *(.gnu.version_r)
 *(.eh_frame)
                0x3ffe9404                . = ((. + 0x3) & 0xfffffffc)
                0x3ffe9404                __dso_handle = ABSOLUTE (.)
                0x3ffe9404                __init_array_start = ABSOLUTE (.)
 *crtbegin.o(.ctors)
 *(EXCLUDE_FILE(*crtend.o) .ctors)
 .ctors         0x3ffe9404        0x4 c:/Users/klemen/git/Sming/Sming/compiler/lib/\libsming.a(user_main.o)
 .ctors         0x3ffe9408        0x4 c:/Users/klemen/git/Sming/Sming/compiler/lib/\libsming.a(System.o)
 .ctors         0x3ffe940c        0x4 c:/Users/klemen/git/Sming/Sming/compiler/lib/\libsming.a(IPAddress.o)
 .ctors         0x3ffe9410        0x4 c:/Users/klemen/git/Sming/Sming/compiler/lib/\libsming.a(Print.o)
 .ctors         0x3ffe9414        0x4 c:/Users/klemen/git/Sming/Sming/compiler/lib/\libsming.a(WString.o)
 .ctors         0x3ffe9418        0x4 c:/Users/klemen/git/Sming/Sming/compiler/lib/\libsming.a(Interrupts.o)
 .ctors         0x3ffe941c        0x4 c:/Users/klemen/git/Sming/Sming/compiler/lib/\libsming.a(Digital.o)
 .ctors         0x3ffe9420        0x4 out/build/app_app.a(application.o)
 .ctors         0x3ffe9424        0x4 c:/Users/klemen/git/Sming/Sming/compiler/lib/\libsming.a(HardwareSerial.o)
 .ctors         0x3ffe9428        0x4 c:/Users/klemen/git/Sming/Sming/compiler/lib/\libsming.a(Station.o)
 .ctors         0x3ffe942c        0x4 c:/Users/klemen/git/Sming/Sming/compiler/lib/\libsming.a(WDT.o)
 .ctors         0x3ffe9430        0x4 c:/Users/klemen/git/Sming/Sming/compiler/lib/\libsming.a(CommandExecutor.o)
 .ctors         0x3ffe9434        0x4 c:/Users/klemen/git/Sming/Sming/compiler/lib/\libsming.a(CommandHandler.o)
 .ctors         0x3ffe9438        0x4 c:/Users/klemen/git/Sming/Sming/compiler/lib/\libsming.a(CommandOutput.o)
 .ctors         0x3ffe943c        0x4 c:/Users/klemen/git/Sming/Sming/compiler/lib/\libsming.a(SparkFunAutoDriver.o)
 .ctors         0x3ffe9440        0x4 c:/Users/klemen/git/Sming/Sming/compiler/lib/\libsming.a(SparkFunAutoDriverCommands.o)
 .ctors         0x3ffe9444        0x4 c:/Users/klemen/git/Sming/Sming/compiler/lib/\libsming.a(SparkFunAutoDriverConfig.o)
 .ctors         0x3ffe9448        0x4 c:/Users/klemen/git/Sming/Sming/compiler/lib/\libsming.a(SparkFunAutoDriverSupport.o)
 .ctors         0x3ffe944c        0x4 c:/Users/klemen/git/Sming/Sming/compiler/lib/\libsming.a(Clock.o)
 .ctors         0x3ffe9450        0x4 c:/Users/klemen/git/Sming/Sming/compiler/lib/\libsming.a(SystemClock.o)
 .ctors         0x3ffe9454        0x4 c:/Users/klemen/git/Sming/Sming/compiler/lib/\libsming.a(RTC.o)
 .ctors         0x3ffe9458        0x4 c:/Users/klemen/git/Sming/Sming/compiler/lib/\libsming.a(CommandDelegate.o)
 .ctors         0x3ffe945c        0x4 c:/Users/klemen/git/Sming/Sming/compiler/lib/\libsming.a(DateTime.o)
 .ctors         0x3ffe9460        0x4 c:/Users/klemen/git/Sming/Sming/compiler/lib/\libsming.a(ESP8266_SPI.o)
 *(SORT(.ctors.*))
 *(.ctors)
                0x3ffe9464                __init_array_end = ABSOLUTE (.)
 *crtbegin.o(.dtors)
 *(EXCLUDE_FILE(*crtend.o) .dtors)
 .dtors         0x3ffe9464        0x4 c:/Users/klemen/git/Sming/Sming/compiler/lib/\libsming.a(System.o)
 .dtors         0x3ffe9468        0x4 c:/Users/klemen/git/Sming/Sming/compiler/lib/\libsming.a(Interrupts.o)
 .dtors         0x3ffe946c        0x4 out/build/app_app.a(application.o)
 .dtors         0x3ffe9470        0x4 c:/Users/klemen/git/Sming/Sming/compiler/lib/\libsming.a(HardwareSerial.o)
 .dtors         0x3ffe9474        0x4 c:/Users/klemen/git/Sming/Sming/compiler/lib/\libsming.a(Station.o)
 .dtors         0x3ffe9478        0x4 c:/Users/klemen/git/Sming/Sming/compiler/lib/\libsming.a(WDT.o)
 *(SORT(.dtors.*))
 *(.dtors)
                0x3ffe947c                __XT_EXCEPTION_DESCS__ = ABSOLUTE (.)
 *(.xt_except_desc)
 *(.gnu.linkonce.h.*)
                0x3ffe947c                __XT_EXCEPTION_DESCS_END__ = ABSOLUTE (.)
 *(.xt_except_desc_end)
 *(.dynamic)
 *(.gnu.version_d)
                0x3ffe947c                . = ALIGN (0x4)
                0x3ffe947c                _bss_table_start = ABSOLUTE (.)
                0x3ffe947c        0x4 LONG 0x3ffe9488 _bss_start
                0x3ffe9480        0x4 LONG 0x3fff30d8 _bss_end
                0x3ffe9484                _bss_table_end = ABSOLUTE (.)
                0x3ffe9484                _rodata_end = ABSOLUTE (.)

.bss            0x3ffe9488     0x9c50
                0x3ffe9488                . = ALIGN (0x8)
                0x3ffe9488                _bss_start = ABSOLUTE (.)
 *(.dynsbss)
 *(.sbss)
 *(.sbss.*)
 *(.gnu.linkonce.sb.*)
 *(.scommon)
 *(.sbss2)
 *(.sbss2.*)
 *(.gnu.linkonce.sb2.*)
 *(.dynbss)
 *(.bss)
 *fill*         0x3ffe9488        0x8 
 .bss           0x3ffe9490      0x1c0 c:/Espressif/ESP8266_SDK/lib\libmain.a(nmi-vector.o)
 .bss           0x3ffe9650       0x3d c:/Espressif/ESP8266_SDK/lib\libmain.a(app_main.o)
                0x3ffe9654                info
                0x3ffe9678                check_timeouts_timer
                0x3ffe968c                user_init_flag
 *fill*         0x3ffe968d        0x3 
 .bss           0x3ffe9690       0x30 c:/Espressif/ESP8266_SDK/lib\libmain.a(ets_timer.o)
                0x3ffe9690                timer_list
                0x3ffe9694                debug_timer
                0x3ffe9698                debug_timerfn
 .bss           0x3ffe96c0       0x18 c:/Espressif/ESP8266_SDK/lib\libmain.a(mem_manager.o)
 *fill*         0x3ffe96d8        0x8 
 .bss           0x3ffe96e0      0x141 c:/Espressif/ESP8266_SDK/lib\libmain.a(user_interface.o)
                0x3ffe97d7                deep_sleep_flag
                0x3ffe97d8                cpu_overclock
                0x3ffe97dc                event_cb
                0x3ffe97e0                status_led_output_level
                0x3ffe97e4                done_cb
                0x3ffe97e8                rst_if
                0x3ffe9804                default_interface
                0x3ffe9805                OpmodChgIsOnGoing
                0x3ffe9808                promiscuous_cb
 *fill*         0x3ffe9821        0x3 
 .bss           0x3ffe9824        0x8 c:/Espressif/ESP8266_SDK/lib\libmain.a(eagle_lwip_if.o)
 .bss           0x3ffe982c        0x4 c:/Espressif/ESP8266_SDK/lib\libphy.a(phy.o)
 .bss           0x3ffe9830      0x3ab c:/Espressif/ESP8266_SDK/lib\libphy.a(phy_chip_v6.o)
                0x3ffe9830                g_phyFuns
                0x3ffe9834                rxiq_compute_num
                0x3ffe9838                rxdc_init_flag
                0x3ffe983c                check_result
                0x3ffe9840                chip6_sleep_params
                0x3ffe9a24                chip6_phy_init_ctrl
                0x3ffe9a98                phy_freq_offset
                0x3ffe9a9a                do_pwctrl_flag
                0x3ffe9a9b                pwctrl_debug
                0x3ffe9a9c                txbk_dpdby_flag
                0x3ffe9a9e                sw_scan_mode
                0x3ffe9ab0                periodic_cal_dc_num
                0x3ffe9ab4                periodic_cal_flag
                0x3ffe9ab5                bbpll_cal_flag
                0x3ffe9ab6                phy_in_most_power
                0x3ffe9ab7                deep_sleep_en
                0x3ffe9ab8                rtc_mem_check_fail
                0x3ffe9ab9                rtc_recovery_en
                0x3ffe9aba                phy_in_vdd33_offset
                0x3ffe9abb                phy_set_most_tpw_disbg
                0x3ffe9abc                phy_set_most_tpw_index
                0x3ffe9ac0                adc_rand_noise
                0x3ffe9ac4                dpd_bypass_original
                0x3ffe9ac8                noise_array
                0x3ffe9bd0                tx_pwctrl_atten_init
 *fill*         0x3ffe9bdb        0x1 
 .bss           0x3ffe9bdc        0x6 c:/Espressif/ESP8266_SDK/lib\libphy.a(phy_chip_v6_cal.o)
                0x3ffe9bdc                loop_pwctrl_pwdet_error_accum_high_power
                0x3ffe9bde                tx_pwctrl_pk_num
                0x3ffe9bdf                loop_pwctrl_correct_atten_high_power
                0x3ffe9be0                tx_pwctrl_set_chan_flag
                0x3ffe9be1                rxiq_cover_fail_num
 *fill*         0x3ffe9be2        0x2 
 .bss           0x3ffe9be4        0x7 c:/Espressif/ESP8266_SDK/lib\libphy.a(phy_sleep.o)
                0x3ffe9be4                periodic_cal_sat
                0x3ffe9be6                lslp_mem_opt_8266
                0x3ffe9be8                software_slp_reject
                0x3ffe9be9                SDIO_slp_reject
                0x3ffe9bea                hardware_reject
 *fill*         0x3ffe9beb        0x5 
 .bss           0x3ffe9bf0       0x30 c:/Espressif/ESP8266_SDK/lib\libpp.a(if_hwctrl.o)
                0x3ffe9bf0                interface_mask
                0x3ffe9c00                if_ctrl
 .bss           0x3ffe9c20      0x150 c:/Espressif/ESP8266_SDK/lib\libpp.a(lmac.o)
                0x3ffe9c24                lmacConfMib
 .bss           0x3ffe9d70      0x11a c:/Espressif/ESP8266_SDK/lib\libpp.a(pm.o)
 *fill*         0x3ffe9e8a        0x6 
 .bss           0x3ffe9e90      0x2e2 c:/Espressif/ESP8266_SDK/lib\libpp.a(pp.o)
                0x3ffe9ea8                pend_flag_noise_check
                0x3ffe9eb0                pend_flag_periodic_cal
                0x3ffe9ec8                idle_timer_reopen_flag
                0x3ffe9ec9                dbg_stop_sw_wdt
                0x3ffe9eca                dbg_stop_hw_wdt
                0x3ffe9ee0                HighestFreqOffsetInOneChk
 *fill*         0x3ffea172        0xe 
 .bss           0x3ffea180      0x100 c:/Espressif/ESP8266_SDK/lib\libpp.a(rate_control.o)
 .bss           0x3ffea280      0x448 c:/Espressif/ESP8266_SDK/lib\libpp.a(trc.o)
 *fill*         0x3ffea6c8        0x8 
 .bss           0x3ffea6d0     0x4e80 c:/Espressif/ESP8266_SDK/lib\libpp.a(wdev.o)
                0x3ffea6d0                wDevCtrl
                0x3ffea874                WdevTimOffSet
 .bss           0x3ffef550     0x1294 c:/Espressif/ESP8266_SDK/lib\libpp.a(esf_buf.o)
 .bss           0x3fff07e4      0x558 c:/Espressif/ESP8266_SDK/lib\libnet80211.a(ieee80211.o)
                0x3fff07e4                g_ic
 .bss           0x3fff0d3c       0x38 c:/Espressif/ESP8266_SDK/lib\libnet80211.a(ieee80211_hostap.o)
                0x3fff0d54                TmpSTAAPCloseAP
                0x3fff0d55                PendFreeBcnEb
                0x3fff0d60                ApFreqCalTimer
 .bss           0x3fff0d74       0xd0 c:/Espressif/ESP8266_SDK/lib\libnet80211.a(ieee80211_scan.o)
                0x3fff0d74                gScanStruct
                0x3fff0e28                FreqCalCntForScan
                0x3fff0e2a                TestStaFreqCalValInput
                0x3fff0e2c                auth_type
                0x3fff0e2e                scannum
 .bss           0x3fff0e44       0x3c c:/Espressif/ESP8266_SDK/lib\libnet80211.a(wl_chm.o)
 .bss           0x3fff0e80      0x418 c:/Espressif/ESP8266_SDK/lib\libnet80211.a(wl_cnx.o)
                0x3fff1280                sta_con_timer
                0x3fff1294                g_cnx_probe_rc_list_cb
 *fill*         0x3fff1298        0x8 
 .bss           0x3fff12a0       0x38 c:/Espressif/ESP8266_SDK/lib\liblwip.a(dhcp.o)
                0x3fff12a0                dhcp_rx_options_given
                0x3fff12b0                dhcp_rx_options_val
 .bss           0x3fff12d8      0x248 c:/Espressif/ESP8266_SDK/lib\liblwip.a(dhcpserver.o)
                0x3fff12e8                s
 .bss           0x3fff1520      0x690 c:/Espressif/ESP8266_SDK/lib\liblwip.a(dns.o)
 .bss           0x3fff1bb0       0x78 c:/Espressif/ESP8266_SDK/lib\liblwip.a(espconn_tcp.o)
                0x3fff1bb0                espconn_TaskQueue
 *fill*         0x3fff1c28        0x8 
 .bss           0x3fff1c30      0x100 c:/Espressif/ESP8266_SDK/lib\liblwip.a(etharp.o)
 .bss           0x3fff1d30       0x10 c:/Espressif/ESP8266_SDK/lib\liblwip.a(ip_addr.o)
 .bss           0x3fff1d40       0x12 c:/Espressif/ESP8266_SDK/lib\liblwip.a(ip.o)
                0x3fff1d40                current_iphdr_dest
                0x3fff1d44                current_iphdr_src
                0x3fff1d48                current_netif
                0x3fff1d4c                current_header
 *fill*         0x3fff1d52        0x2 
 .bss           0x3fff1d54        0x9 c:/Espressif/ESP8266_SDK/lib\liblwip.a(netif.o)
                0x3fff1d54                netif_list
                0x3fff1d58                netif_default
 *fill*         0x3fff1d5d        0x3 
 .bss           0x3fff1d60        0x4 c:/Espressif/ESP8266_SDK/lib\liblwip.a(raw.o)
 .bss           0x3fff1d64       0x34 c:/Espressif/ESP8266_SDK/lib\liblwip.a(tcp_in.o)
                0x3fff1d94                tcp_input_pcb
 .bss           0x3fff1d98       0x1c c:/Espressif/ESP8266_SDK/lib\liblwip.a(tcp.o)
                0x3fff1d9c                tcp_active_pcbs
                0x3fff1da0                tcp_tmp_pcb
                0x3fff1da4                tcp_tw_pcbs
                0x3fff1da8                tcp_bound_pcbs
                0x3fff1dac                tcp_listen_pcbs
                0x3fff1db0                tcp_ticks
 .bss           0x3fff1db4        0xc c:/Espressif/ESP8266_SDK/lib\liblwip.a(timers.o)
 .bss           0x3fff1dc0        0x4 c:/Espressif/ESP8266_SDK/lib\liblwip.a(udp.o)
                0x3fff1dc0                udp_pcbs
 *fill*         0x3fff1dc4        0xc 
 .bss           0x3fff1dd0      0x104 c:/Espressif/ESP8266_SDK/lib\liblwip.a(espconn.o)
                0x3fff1dd0                plink_active
                0x3fff1dd4                pserver_list
                0x3fff1de0                premot
                0x3fff1ea0                pktinfo
 .bss           0x3fff1ed4        0xc c:/Espressif/ESP8266_SDK/lib\liblwip.a(igmp.o)
 .bss           0x3fff1ee0      0x421 c:/Espressif/ESP8266_SDK/lib\liblwip.a(mdns.o)
                0x3fff1ee4                PUCK_SERVICE
                0x3fff1eec                PUCK_PORT
                0x3fff1ef8                mdns_timer
 *fill*         0x3fff2301        0xf 
 .bss           0x3fff2310      0x27a c:/Espressif/ESP8266_SDK/lib\libwpa.a(wpa.o)
 *fill*         0x3fff258a        0x6 
 .bss           0x3fff2590        0x8 c:/Espressif/ESP8266_SDK/lib\libnet80211.a(ieee80211_crypto_tkip.o)
 *(.bss.*)
 .bss._ZL5ESP01
                0x3fff2598       0x30 c:/Users/klemen/git/Sming/Sming/compiler/lib/\libsming.a(user_main.o)
 .bss._ZL11INADDR_NONE
                0x3fff25c8        0x8 c:/Users/klemen/git/Sming/Sming/compiler/lib/\libsming.a(user_main.o)
 .bss.System    0x3fff25d0       0x2c c:/Users/klemen/git/Sming/Sming/compiler/lib/\libsming.a(System.o)
                0x3fff25d0                System
 .bss.spiffs_cache
                0x3fff25fc      0x480 c:/Users/klemen/git/Sming/Sming/compiler/lib/\libsming.a(spiffs.o)
 .bss.spiffs_fds
                0x3fff2a7c       0xe0 c:/Users/klemen/git/Sming/Sming/compiler/lib/\libsming.a(spiffs.o)
 .bss.spiffs_work_buf
                0x3fff2b5c      0x200 c:/Users/klemen/git/Sming/Sming/compiler/lib/\libsming.a(spiffs.o)
 .bss._ZL5ESP01
                0x3fff2d5c       0x30 c:/Users/klemen/git/Sming/Sming/compiler/lib/\libsming.a(IPAddress.o)
 .bss._ZL11INADDR_NONE
                0x3fff2d8c        0x8 c:/Users/klemen/git/Sming/Sming/compiler/lib/\libsming.a(IPAddress.o)
 .bss._ZL11INADDR_NONE
                0x3fff2d94        0x8 c:/Users/klemen/git/Sming/Sming/compiler/lib/\libsming.a(Print.o)
 .bss._ZZN6StringixEjE19dummy_writable_char
                0x3fff2d9c        0x1 c:/Users/klemen/git/Sming/Sming/compiler/lib/\libsming.a(WString.o)
 *fill*         0x3fff2d9d        0x3 
 .bss._ZL11INADDR_NONE
                0x3fff2da0        0x8 c:/Users/klemen/git/Sming/Sming/compiler/lib/\libsming.a(WString.o)
 .bss._delegateFunctionList
                0x3fff2da8       0x40 c:/Users/klemen/git/Sming/Sming/compiler/lib/\libsming.a(Interrupts.o)
                0x3fff2da8                _delegateFunctionList
 .bss._ZL11INADDR_NONE
                0x3fff2de8        0x8 c:/Users/klemen/git/Sming/Sming/compiler/lib/\libsming.a(Interrupts.o)
 .bss._ZL11INADDR_NONE
                0x3fff2df0        0x8 c:/Users/klemen/git/Sming/Sming/compiler/lib/\libsming.a(Digital.o)
 .bss.guiTimer  0x3fff2df8       0x30 out/build/app_app.a(application.o)
                0x3fff2df8                guiTimer
 .bss.stepper   0x3fff2e28       0x10 out/build/app_app.a(application.o)
                0x3fff2e28                stepper
 .bss._ZL11INADDR_NONE
                0x3fff2e38        0x8 out/build/app_app.a(application.o)
 .bss.Serial    0x3fff2e40       0x14 c:/Users/klemen/git/Sming/Sming/compiler/lib/\libsming.a(HardwareSerial.o)
                0x3fff2e40                Serial
 .bss._ZN14HardwareSerial10memberDataE
                0x3fff2e54       0x18 c:/Users/klemen/git/Sming/Sming/compiler/lib/\libsming.a(HardwareSerial.o)
                0x3fff2e54                HardwareSerial::memberData
 .bss._ZL11INADDR_NONE
                0x3fff2e6c        0x8 c:/Users/klemen/git/Sming/Sming/compiler/lib/\libsming.a(HardwareSerial.o)
 .bss.WifiStation
                0x3fff2e74       0x20 c:/Users/klemen/git/Sming/Sming/compiler/lib/\libsming.a(Station.o)
                0x3fff2e74                WifiStation
 .bss._ZL5ESP01
                0x3fff2e94       0x30 c:/Users/klemen/git/Sming/Sming/compiler/lib/\libsming.a(Station.o)
 .bss._ZL11INADDR_NONE
                0x3fff2ec4        0x8 c:/Users/klemen/git/Sming/Sming/compiler/lib/\libsming.a(Station.o)
 .bss.WDT       0x3fff2ecc        0x8 c:/Users/klemen/git/Sming/Sming/compiler/lib/\libsming.a(WDT.o)
                0x3fff2ecc                WDT
 .bss._ZL11INADDR_NONE
                0x3fff2ed4        0x8 c:/Users/klemen/git/Sming/Sming/compiler/lib/\libsming.a(CommandExecutor.o)
 .bss.commandHandler
                0x3fff2edc        0x4 c:/Users/klemen/git/Sming/Sming/compiler/lib/\libsming.a(CommandHandler.o)
                0x3fff2edc                commandHandler
 .bss._ZL11INADDR_NONE
                0x3fff2ee0        0x8 c:/Users/klemen/git/Sming/Sming/compiler/lib/\libsming.a(CommandHandler.o)
 .bss._ZL11INADDR_NONE
                0x3fff2ee8        0x8 c:/Users/klemen/git/Sming/Sming/compiler/lib/\libsming.a(CommandOutput.o)
 .bss._ZL5ESP01
                0x3fff2ef0       0x30 c:/Users/klemen/git/Sming/Sming/compiler/lib/\libsming.a(SparkFunAutoDriver.o)
 .bss._ZL11INADDR_NONE
                0x3fff2f20        0x8 c:/Users/klemen/git/Sming/Sming/compiler/lib/\libsming.a(SparkFunAutoDriver.o)
 .bss._ZL5ESP01
                0x3fff2f28       0x30 c:/Users/klemen/git/Sming/Sming/compiler/lib/\libsming.a(SparkFunAutoDriverCommands.o)
 .bss._ZL11INADDR_NONE
                0x3fff2f58        0x8 c:/Users/klemen/git/Sming/Sming/compiler/lib/\libsming.a(SparkFunAutoDriverCommands.o)
 .bss._ZL5ESP01
                0x3fff2f60       0x30 c:/Users/klemen/git/Sming/Sming/compiler/lib/\libsming.a(SparkFunAutoDriverConfig.o)
 .bss._ZL11INADDR_NONE
                0x3fff2f90        0x8 c:/Users/klemen/git/Sming/Sming/compiler/lib/\libsming.a(SparkFunAutoDriverConfig.o)
 .bss._ZL5ESP01
                0x3fff2f98       0x30 c:/Users/klemen/git/Sming/Sming/compiler/lib/\libsming.a(SparkFunAutoDriverSupport.o)
 .bss._ZL11INADDR_NONE
                0x3fff2fc8        0x8 c:/Users/klemen/git/Sming/Sming/compiler/lib/\libsming.a(SparkFunAutoDriverSupport.o)
 .bss._ZL11INADDR_NONE
                0x3fff2fd0        0x8 c:/Users/klemen/git/Sming/Sming/compiler/lib/\libsming.a(Clock.o)
 .bss.SystemClock
                0x3fff2fd8       0x18 c:/Users/klemen/git/Sming/Sming/compiler/lib/\libsming.a(SystemClock.o)
                0x3fff2fd8                SystemClock
 .bss._ZL11INADDR_NONE
                0x3fff2ff0        0x8 c:/Users/klemen/git/Sming/Sming/compiler/lib/\libsming.a(SystemClock.o)
 .bss.RTC       0x3fff2ff8        0x1 c:/Users/klemen/git/Sming/Sming/compiler/lib/\libsming.a(RTC.o)
                0x3fff2ff8                RTC
 *fill*         0x3fff2ff9        0x3 
 .bss._ZL11INADDR_NONE
                0x3fff2ffc        0x8 c:/Users/klemen/git/Sming/Sming/compiler/lib/\libsming.a(CommandDelegate.o)
 .bss._ZL5ESP01
                0x3fff3004       0x30 c:/Users/klemen/git/Sming/Sming/compiler/lib/\libsming.a(DateTime.o)
 .bss._ZL11INADDR_NONE
                0x3fff3034        0x8 c:/Users/klemen/git/Sming/Sming/compiler/lib/\libsming.a(DateTime.o)
 .bss._ZL5ESP01
                0x3fff303c       0x30 c:/Users/klemen/git/Sming/Sming/compiler/lib/\libsming.a(ESP8266_SPI.o)
 .bss._ZL11INADDR_NONE
                0x3fff306c        0x8 c:/Users/klemen/git/Sming/Sming/compiler/lib/\libsming.a(ESP8266_SPI.o)
 *(.gnu.linkonce.b.*)
 *(COMMON)
 COMMON         0x3fff3074       0x64 c:/Users/klemen/git/Sming/Sming/compiler/lib/\libsming.a(spiffs.o)
                0x3fff3074                _filesystemStorageHandle
                0x3fff30d8                . = ALIGN (0x8)
                0x3fff30d8                _bss_end = ABSOLUTE (.)
                0x3fff30d8                _heap_start = ABSOLUTE (.)

.irom0.text     0x40209000    0x2f46b
                0x40209000                _irom0_text_start = ABSOLUTE (.)
 *(.irom0.literal .irom.literal .irom.text.literal .irom0.text .irom.text)
 .irom0.text    0x40209000      0x669 c:/Espressif/ESP8266_SDK/lib\libmain.a(app_main.o)
                                0x77d (size before relaxing)
                0x402091f8                wdt_init
                0x40209288                user_uart_wait_tx_fifo_empty
 *fill*         0x40209669        0x3 
 .irom0.text    0x4020966c      0x15e c:/Espressif/ESP8266_SDK/lib\libmain.a(ets_timer.o)
                                0x192 (size before relaxing)
                0x40209674                ets_timer_done
                0x402096b8                ets_timer_handler_isr
                0x40209768                ets_timer_init
 *fill*         0x402097ca        0x2 
 .irom0.text    0x402097cc       0x54 c:/Espressif/ESP8266_SDK/lib\libmain.a(mem_manager.o)
                                 0x58 (size before relaxing)
                0x402097d0                xPortGetFreeHeapSize
 .irom0.text    0x40209820     0x2775 c:/Espressif/ESP8266_SDK/lib\libmain.a(user_interface.o)
                               0x2ed5 (size before relaxing)
                0x40209824                system_set_os_print
                0x40209834                system_get_os_print
                0x402099fc                system_pp_recycle_rx_pkt
                0x40209a10                system_adc_read
                0x40209a28                system_get_vdd33
                0x40209a44                system_restart
                0x40209ab8                system_restore
                0x40209b14                system_get_flash_size_map
                0x40209b38                system_get_boot_version
                0x40209b70                system_get_test_result
                0x40209b98                system_get_userbin_addr
                0x40209c30                system_get_boot_mode
                0x40209c60                system_restart_enhance
                0x40209d9c                system_upgrade_userbin_set
                0x40209de4                system_upgrade_userbin_check
                0x40209e24                system_upgrade_flag_set
                0x40209e38                system_upgrade_flag_check
                0x40209e5c                system_upgrade_reboot
                0x40209f7c                system_deep_sleep
                0x40209fdc                system_deep_sleep_set_option
                0x40209ff8                system_phy_set_max_tpw
                0x4020a00c                system_phy_set_tpw_via_vdd33
                0x4020a020                system_phy_set_rfoption
                0x4020a038                system_update_cpu_freq
                0x4020a094                system_get_cpu_freq
                0x4020a0ac                system_overclock
                0x4020a0d8                system_restoreclock
                0x4020a108                system_timer_reinit
                0x4020a124                system_relative_time
                0x4020a144                system_station_got_ip_set
                0x4020a248                system_print_meminfo
                0x4020a2a8                system_get_free_heap_size
                0x4020a2c0                system_get_chip_id
                0x4020a2e4                system_rtc_clock_cali_proc
                0x4020a2f8                system_get_rtc_time
                0x4020a30c                system_mktime
                0x4020a3dc                system_init_done_cb
                0x4020a3e4                system_get_rst_info
                0x4020a3ec                wifi_softap_dhcps_start
                0x4020a434                wifi_softap_dhcps_stop
                0x4020a478                wifi_softap_dhcps_status
                0x4020a480                wifi_station_dhcpc_start
                0x4020a4d4                wifi_station_dhcpc_stop
                0x4020a518                wifi_station_dhcpc_status
                0x4020a588                wifi_get_opmode
                0x4020a59c                wifi_get_opmode_default
                0x4020a618                wifi_get_broadcast_if
                0x4020a654                wifi_set_broadcast_if
                0x4020a76c                wifi_set_opmode
                0x4020a780                wifi_set_opmode_current
                0x4020a794                system_get_checksum
                0x4020a85c                system_param_save_with_protect
                0x4020a900                system_param_load
                0x4020aa2c                wifi_station_get_config
                0x4020aa40                wifi_station_get_config_default
                0x4020aa60                wifi_station_get_ap_info
                0x4020ab1c                wifi_station_ap_number_set
                0x4020adc0                wifi_station_set_config
                0x4020add4                wifi_station_set_config_current
                0x4020ade8                wifi_station_get_current_ap_id
                0x4020adfc                wifi_station_ap_check
                0x4020ae34                wifi_station_ap_change
                0x4020af28                wifi_station_scan
                0x4020af74                wifi_station_get_auto_connect
                0x4020af88                wifi_station_set_auto_connect
                0x4020afdc                wifi_station_connect
                0x4020b074                wifi_station_disconnect
                0x4020b11c                wifi_station_get_connect_status
                0x4020b14c                wifi_station_set_reconnect_policy
                0x4020b164                wifi_station_get_reconnect_policy
                0x4020b16c                wifi_station_get_rssi
                0x4020b1b0                wifi_softap_cacl_mac
                0x4020b220                wifi_softap_set_default_ssid
                0x4020b3c8                wifi_softap_get_config
                0x4020b3dc                wifi_softap_get_config_default
                0x4020b640                wifi_softap_set_config
                0x4020b654                wifi_softap_set_config_current
                0x4020b668                wifi_softap_set_station_info
                0x4020b6d8                wifi_softap_get_station_info
                0x4020b778                wifi_softap_free_station_info
                0x4020b7ac                wifi_softap_get_station_num
                0x4020b800                wifi_softap_deauth
                0x4020b8bc                wifi_get_phy_mode
                0x4020b8c4                wifi_set_phy_mode
                0x4020b988                wifi_set_sleep_type
                0x4020b9a8                wifi_get_sleep_type
                0x4020b9c0                wifi_get_channel
                0x4020b9d8                wifi_set_channel
                0x4020ba08                wifi_promiscuous_set_mac
                0x4020ba68                wifi_promiscuous_enable
                0x4020bb4c                wifi_set_promiscuous_rx_cb
                0x4020bb70                wifi_get_ip_info
                0x4020bc48                wifi_set_ip_info
                0x4020bcf8                wifi_get_macaddr
                0x4020bd58                wifi_set_macaddr
                0x4020be14                wifi_status_led_install
                0x4020be54                wifi_status_led_uninstall
                0x4020be78                wifi_set_status_led_output_level
                0x4020be8c                wifi_set_event_handler_cb
                0x4020be9c                system_os_task
                0x4020bee0                system_uart_swap
                0x4020bf58                system_uart_de_swap
                0x4020bf90                system_get_sdk_version
 *fill*         0x4020bf95        0x3 
 .irom0.text    0x4020bf98      0x5cf c:/Espressif/ESP8266_SDK/lib\libmain.a(eagle_lib.o)
                                0x5df (size before relaxing)
                0x4020bf9c                divide
                0x4020bfd8                skip_atoi
                0x4020c158                ets_vsnprintf
                0x4020c4b8                ets_vsprintf
                0x4020c4dc                ets_sprintf
                0x4020c504                ets_strcat
                0x4020c524                ets_strrchr
                0x4020c550                ets_strchr
 *fill*         0x4020c567        0x1 
 .irom0.text    0x4020c568      0x2d2 c:/Espressif/ESP8266_SDK/lib\libmain.a(eagle_lwip_if.o)
                                0x376 (size before relaxing)
                0x4020c61c                eagle_lwip_if_alloc
                0x4020c7bc                eagle_lwip_if_free
                0x4020c818                eagle_lwip_getif
 *fill*         0x4020c83a        0x2 
 .irom0.literal
                0x4020c83c        0x0 c:/Users/klemen/git/Sming/Sming/compiler/lib/\libmicroc.a(strchr.o)
                                  0x4 (size before relaxing)
 .irom0.literal
                0x4020c83c        0xc c:/Users/klemen/git/Sming/Sming/compiler/lib/\libmicroc.a(strchrnul.o)
 .irom0.literal
                0x4020c848        0x4 c:/Users/klemen/git/Sming/Sming/compiler/lib/\libmicroc.a(malloc.o)
                                 0x14 (size before relaxing)
 .irom0.literal
                0x4020c84c        0x4 c:/Users/klemen/git/Sming/Sming/compiler/lib/\libmicroc.a(abort.o)
                                  0x8 (size before relaxing)
 .irom0.literal
                0x4020c850       0x20 c:/Users/klemen/git/Sming/Sming/compiler/lib/\libmicroc.a(ceil.o)
                                 0x44 (size before relaxing)
 .irom0.literal
                0x4020c870        0x8 c:/Users/klemen/git/Sming/Sming/compiler/lib/\libmicrogcc.a(_divsf3.o)
                                 0x10 (size before relaxing)
 .irom0.text    0x4020c878       0x25 c:/Users/klemen/git/Sming/Sming/compiler/lib/\libmicroc.a(strchr.o)
                                 0x29 (size before relaxing)
                0x4020c878                strchr
 *fill*         0x4020c89d        0x3 
 .irom0.text    0x4020c8a0       0x75 c:/Users/klemen/git/Sming/Sming/compiler/lib/\libmicroc.a(strchrnul.o)
                0x4020c8a0                strchrnul
                0x4020c8a0                __strchrnul
 *fill*         0x4020c915        0x3 
 .irom0.text    0x4020c918       0x65 c:/Users/klemen/git/Sming/Sming/compiler/lib/\libmicroc.a(malloc.o)
                0x4020c918                malloc
                0x4020c92c                free
                0x4020c940                realloc
                0x4020c954                zalloc
                0x4020c968                calloc
 *fill*         0x4020c97d        0x3 
 .irom0.text    0x4020c980       0x11 c:/Users/klemen/git/Sming/Sming/compiler/lib/\libmicroc.a(abort.o)
                0x4020c980                abort
 *fill*         0x4020c991        0x3 
 .irom0.text    0x4020c994       0xfa c:/Espressif/ESP8266_SDK/lib\libphy.a(phy.o)
                                0x11e (size before relaxing)
                0x4020c998                rf_init
                0x4020c9b4                bb_init
                0x4020c9cc                phy_init
                0x4020c9fc                RFChannelSel
                0x4020ca18                phy_delete_channel
                0x4020ca30                phy_enable_agc
                0x4020ca48                phy_disable_agc
                0x4020ca60                phy_initialize_bb
                0x4020ca78                phy_set_sense
 *fill*         0x4020ca8e        0x2 
 .irom0.text    0x4020ca90     0x18dc c:/Espressif/ESP8266_SDK/lib\libphy.a(phy_chip_v6_ana.o)
                               0x1b00 (size before relaxing)
                0x4020ca94                ram_pbus_set_rxgain
                0x4020cb70                ram_pbus_debugmode
                0x4020cc24                ram_pbus_xpd_tx_on
                0x4020cc90                set_rf_freq_offset
                0x4020cd04                chip_v6_rxmax_ext_ana
                0x4020ce54                ram_chip_v6_rx_init
                0x4020ce88                tsen_meas
                0x4020cf38                readvdd33
                0x4020d0cc                txpwr_offset
                0x4020d18c                set_txcap_reg
                0x4020d20c                ram_ana_inf_gating_en
                0x4020d36c                ram_restart_cal
                0x4020d3d8                wait_rfpll_cal_end
                0x4020d46c                ram_rfpll_set_freq
                0x4020d578                ram_set_channel_freq
                0x4020d8b0                chip_60_set_channel
                0x4020da78                chip_v6_set_chan_offset
                0x4020dab0                chip_v6_set_chan
                0x4020db28                chip_v6_set_chan_wakeup
                0x4020dba8                chip_v6_rf_init
                0x4020ddb4                low_power_set
                0x4020de18                test_tout
                0x4020e05c                check_data_flag
                0x4020e080                phy_get_check_flag
                0x4020e1f0                phy_get_vdd33
 .irom0.text    0x4020e36c     0x3958 c:/Espressif/ESP8266_SDK/lib\libphy.a(phy_chip_v6.o)
                               0x3f50 (size before relaxing)
                0x4020e36c                ram_tx_mac_enable
                0x4020e370                rtc_mem_backup
                0x4020e3a0                rtc_mem_recovery
                0x4020e3d0                set_cal_rxdc
                0x4020e488                set_rx_gain_cal_iq
                0x4020e7e4                gen_rx_gain_table
                0x4020e924                pbus_set_rxbbgain
                0x4020e9a4                set_rx_gain_testchip_50
                0x4020ecb4                ram_get_corr_power
                0x4020eda4                check_data_func
                0x4020edc4                do_noisefloor_lsleep_v50
                0x4020edf8                do_noisefloor
                0x4020ee68                start_dig_rx
                0x4020eeac                stop_dig_rx
                0x4020eed8                chip_v6_set_chanfreq
                0x4020ef10                tx_cap_init
                0x4020f0d0                target_power_add_backoff
                0x4020f120                tx_pwctrl_init_cal
                0x4020f288                tx_atten_set_interp
                0x4020f504                tx_pwctrl_init
                0x4020f5f8                ram_get_noisefloor
                0x4020f614                get_noisefloor_sat
                0x4020f644                ram_set_noise_floor
                0x4020f6a0                ram_start_noisefloor
                0x4020f6ec                read_hw_noisefloor
                0x4020f718                noise_check_loop
                0x4020f874                noise_init
                0x4020fa70                target_power_backoff
                0x4020fac4                sdt_on_noise_start
                0x4020fb48                chip_v6_set_chan_rx_cmp
                0x4020fcd0                chip_v6_set_chan_misc
                0x4020fd60                phy_dig_spur_set
                0x402100c0                phy_dig_spur_prot
                0x402102f8                chip_v6_rxmax_ext_dig
                0x40210344                chip_v6_rxmax_ext
                0x402103fc                phy_bb_rx_cfg
                0x402107fc                uart_wait_idle
                0x40210834                phy_pbus_soc_cfg
                0x402108f8                phy_gpio_cfg
                0x40210c40                tx_cont_en
                0x40210ce8                tx_cont_dis
                0x40210d3c                tx_cont_cfg
                0x40210d5c                chip_v6_initialize_bb
                0x40210ec8                periodic_cal
                0x40210fd4                bbpll_cal
                0x4021106c                periodic_cal_top
                0x402110cc                register_chipv6_phy_init_param
                0x4021136c                change_bbpll160_sleep
                0x4021145c                change_bbpll160
                0x40211494                set_crystal_uart
                0x4021150c                ant_switch_init
                0x402115b8                reduce_current_init
                0x40211620                rtc_mem_check
                0x40211658                phy_afterwake_set_rfoption
                0x40211684                deep_sleep_set_option
                0x40211700                register_chipv6_phy
                0x402119c0                set_dpd_bypass
                0x40211a18                set_rf_gain_stage10
                0x40211a48                get_vdd33_offset
                0x40211abc                get_phy_target_power
                0x40211b6c                set_most_pwr_reg
                0x40211c40                phy_set_most_tpw
                0x40211c64                phy_vdd33_set_tpw
                0x40211c7c                get_adc_rand
                0x40211cb0                phy_get_rand
 .irom0.text    0x40211cc4     0x214c c:/Espressif/ESP8266_SDK/lib\libphy.a(phy_chip_v6_cal.o)
                               0x2388 (size before relaxing)
                0x40211cc4                txbbgain2dcoindex
                0x40211ce4                dcoindex2txbbgain
                0x40211d08                init_cal_dcoffset
                0x40211dcc                set_rfanagain_dc_reg
                0x40211e68                set_txdc_pbus
                0x40211ed4                get_rf_gain_qdb
                0x40211efc                correct_rf_ana_gain
                0x40212004                get_sar_dout
                0x4021209c                cal_rf_ana_gain
                0x40212174                meas_tone_pwr_db
                0x402121e4                tx_pwr_backoff
                0x40212330                get_fcc_1m2m_pwr_offset
                0x4021236c                ram_set_txbb_atten
                0x40212400                txiq_get_mis_pwr
                0x402124a4                txiq_cover
                0x402126c0                ram_rfcal_txiq
                0x40212930                rc_cal
                0x40212af0                get_target_power_offset
                0x40212bf8                get_pwctrl_correct
                0x40212c50                tx_pwctrl_cal
                0x40212f90                tx_pwctrl_bg_init
                0x4021300c                tx_pwctrl_background
                0x402130c4                read_sar_dout
                0x40213128                ram_get_fm_sar_dout
                0x402131cc                ram_cal_tos_v60
                0x402133ac                ram_get_bb_atten
                0x402133dc                ram_rfcal_txcap
                0x402135a0                ram_rfcal_pwrctrl
                0x402137cc                ram_rxiq_get_mis
                0x4021399c                ram_rxiq_cover_mg_mp
                0x40213b40                ram_rfcal_rxiq
                0x40213d4c                dpd_scale_set
                0x40213d94                dpd_mem_write
 .irom0.text    0x40213e10      0x271 c:/Espressif/ESP8266_SDK/lib\libphy.a(phy_chip_v6_unused.o)
                                0x2fd (size before relaxing)
                0x40213e10                chip_v6_set_sense
                0x40213e14                chip_v6_get_sense
                0x40213e18                chip_v6_unset_chanfreq
                0x40213e24                data_collect
                0x40213ef8                operation_test
                0x40213f70                slop_wdt_feed
                0x40213f84                slop_test
                0x40214038                wd_reset_cnt
 *fill*         0x40214081        0x3 
 .irom0.text    0x40214084      0xd12 c:/Espressif/ESP8266_SDK/lib\libphy.a(phy_sleep.o)
                                0xf2e (size before relaxing)
                0x40214084                pm_usec2rtc
                0x402140b8                pm_rtc2usec
                0x402140c8                pm_set_sleep_cycles
                0x402140f0                pm_sleep_opt
                0x402141f4                pm_wakeup_opt
                0x4021422c                get_chip_version
                0x4021426c                pm_sleep_opt_bb_off
                0x402142ac                pm_sleep_opt_bb_on
                0x402142f8                pm_set_pll_xtal_wait_time
                0x40214340                pm_prepare_to_sleep
                0x40214364                pm_sdio_nidle
                0x402143d8                chg_lslp_mem_opt_8266
                0x40214408                pm_goto_sleep
                0x40214554                pm_wait4wakeup
                0x4021458c                pm_open_rf
                0x402145d0                pm_sleep_set_mac
                0x40214654                pm_set_wakeup_mac
                0x402146f0                pm_check_mac_idle
                0x40214748                pm_set_sleep_btco
                0x402147e8                pm_set_wakeup_btco
                0x402148fc                pm_set_sleep_mode
                0x402149cc                pm_unmask_bt
                0x40214a30                pm_wakeup_init
                0x40214c38                sleep_opt_8266
                0x40214c58                sleep_opt_bb_on_8266
                0x40214c94                sleep_reset_analog_rtcreg_8266
 *fill*         0x40214d96        0x2 
 .irom0.text    0x40214d98      0x3d9 c:/Espressif/ESP8266_SDK/lib\libpp.a(if_hwctrl.o)
                                0x4b9 (size before relaxing)
                0x40214d9c                ic_get_addr
                0x40214da8                ic_set_opmode
                0x40214dc0                ic_enable_interface
                0x40214e10                ic_interface_enabled
                0x40214e24                ic_disable_interface
                0x40214e6c                ic_is_pure_sta
                0x40214e88                ic_get_ptk_alg
                0x40214e98                ic_get_gtk_alg
                0x40214ea8                ic_set_ptk_alg
                0x40214eb8                ic_set_gtk_alg
                0x40214ec8                ic_interface_is_p2p
                0x40214f4c                ic_set_vif
                0x40214fe4                ic_set_sta
                0x40215080                ic_bss_info_update
                0x402150dc                ic_set_key
                0x40215138                ic_remove_key
                0x4021514c                ic_get_rssi
 *fill*         0x40215171        0x3 
 .irom0.text    0x40215174       0xfc c:/Espressif/ESP8266_SDK/lib\libpp.a(lmac.o)
                                0x114 (size before relaxing)
                0x40215178                lmacInitAc
                0x402151ac                lmacInit
                0x40215254                lmacSetRetryLimit
 .irom0.text    0x40215270     0x1a0d c:/Espressif/ESP8266_SDK/lib\libpp.a(pm.o)
                               0x1eed (size before relaxing)
                0x40215278                pm_rtc_clock_cali_proc
                0x402152b0                pm_set_sleep_time
                0x4021558c                pm_rf_is_closed
                0x402155d0                pm_set_sleep_type_from_upper
                0x402156c0                pm_get_sleep_type
                0x40215880                uart_tx_flush
                0x40215884                pm_suspend
                0x40215ab0                pm_shutdown
                0x40215ba8                pm_reset_idle_sleep
                0x40215be8                pm_idle_sleep
                0x40215bf4                pm_open
                0x40215ce8                pm_onBcnRx
                0x4021665c                pm_enable_gpio_wakeup
                0x4021669c                pm_attach
                0x4021679c                pm_send_nullfunc
                0x40216964                pm_is_waked
                0x4021697c                pm_is_open
                0x40216994                pm_scan_lock
                0x402169c4                pm_try_scan_unlock
                0x402169dc                pm_force_scan_unlock
                0x40216a98                pm_scan_unlocked
                0x40216aac                pm_allow_tx
                0x40216acc                pm_assoc_parse
                0x40216ae4                pm_set_addr
                0x40216b04                pm_sleep_for
                0x40216b38                pm_post
                0x40216c3c                pm_get_idle_wait_time
 *fill*         0x40216c7d        0x3 
 .irom0.text    0x40216c80     0x1269 c:/Espressif/ESP8266_SDK/lib\libpp.a(pp.o)
                               0x1561 (size before relaxing)
                0x40216c84                PPWdtReset
                0x40216cb0                pp_soft_wdt_init
                0x40216cd8                pp_soft_wdt_stop
                0x40216d04                pp_soft_wdt_restart
                0x40216d34                RxNodeNum
                0x40216d58                TxNodeNum
                0x40216d7c                pp_disable_noise_timer
                0x40216d9c                pp_enable_noise_timer
                0x40216ea4                pp_noise_test
                0x40216eb4                reset_noise_timer
                0x40216eec                pp_disable_idle_timer
                0x40216f10                pp_enable_idle_timer
                0x40216f38                pp_try_enable_idle_timer
                0x40216f70                ppPeocessRxPktHdr
                0x4021723c                ppTxPkt
                0x40217360                ppProcessWaitQ
                0x40217374                ppRegisterTxCallback
                0x402173b4                ppRecycleRxPkt
                0x40217414                ppCheckTxIdle
                0x402176a0                pp_tx_idle_timeout
                0x40217bb4                ppGetTxQFirstAvail_Locked
                0x40217c98                pp_attach
 *fill*         0x40217ee9        0x3 
 .irom0.text    0x40217eec      0x296 c:/Espressif/ESP8266_SDK/lib\libpp.a(rate_control.o)
                                0x2a2 (size before relaxing)
                0x40218138                RC_SetBasicRate
 *fill*         0x40218182        0x2 
 .irom0.text    0x40218184      0x3e9 c:/Espressif/ESP8266_SDK/lib\libpp.a(trc.o)
                                0x441 (size before relaxing)
                0x402181b0                rcUpdatePhyMode
                0x4021828c                rcAttach
                0x402182d8                rcGetTrc
                0x402182e0                trc_onDisconnect
                0x402182e4                trc_onScanStart
                0x40218304                trc_onScanDone
                0x40218324                rc_enable_trc
                0x402183ec                rc_get_mask
                0x40218400                rc_disable_trc
                0x40218454                rc_disable_trc_by_interface
                0x40218470                rc_get_sta_trc
                0x402184b0                rc_get_trc
                0x40218520                rc_get_trc_by_index
                0x40218540                rc_only_sta_trc
 *fill*         0x4021856d        0x3 
 .irom0.text    0x40218570      0xaa7 c:/Espressif/ESP8266_SDK/lib\libpp.a(wdev.o)
                                0xbd3 (size before relaxing)
                0x4021857c                wDev_Option_Init
                0x40218670                wDev_Enable_Beacon_Tsf
                0x4021868c                wDev_Disable_Beacon_Tsf
                0x402186a8                wDev_Set_Beacon_Int
                0x402186b0                wDev_Reset_TBTT
                0x402186e0                wDev_Get_Next_TBTT
                0x40218980                wDev_Initialize
                0x402189e8                wDevForceAck6M
                0x40218a04                wDev_SetMacAddress
                0x40218aa4                wDev_SetRxPolicy
                0x40218af8                wDev_SetBssid
                0x40218bd0                wDev_ClearBssid
                0x40218c08                wDev_Insert_KeyEntry
                0x40218cdc                wDev_remove_KeyEntry
                0x40218d1c                wDev_Crypto_Conf
                0x40218db8                wDev_Crypto_Disable
                0x40218df0                wDevEnableRx
                0x40218e14                wdev_go_sniffer
                0x40218ef0                wdev_set_sniffer_addr
                0x40218f48                wdev_exit_sniffer
 *fill*         0x40219017        0x1 
 .irom0.text    0x40219018      0x12e c:/Espressif/ESP8266_SDK/lib\libpp.a(esf_buf.o)
                                0x14a (size before relaxing)
                0x4021902c                esf_buf_setup
 *fill*         0x40219146        0x2 
 .irom0.text    0x40219148      0x38a c:/Espressif/ESP8266_SDK/lib\libnet80211.a(ieee80211.o)
                                0x43a (size before relaxing)
                0x402191d8                ieee80211_ifattach
                0x40219228                ieee80211_mhz2ieee
                0x40219280                ieee80211_chan2ieee
                0x402192a0                ieee80211_ieee2mhz
                0x402192d8                ieee80211_find_channel
                0x40219300                ieee80211_find_channel_byieee
                0x4021934c                wifi_mode_set
 *fill*         0x402194d2        0x2 
 .irom0.text    0x402194d4       0xc7 c:/Espressif/ESP8266_SDK/lib\libnet80211.a(ieee80211_crypto.o)
                                 0xcf (size before relaxing)
                0x402194d4                ieee80211_crypto_attach
                0x402194d8                ieee80211_crypto_available
                0x402194dc                ieee80211_crypto_setkey
                0x402194e0                ieee80211_crypto_encap
                0x40219530                ieee80211_crypto_decap
 *fill*         0x4021959b        0x1 
 .irom0.text    0x4021959c       0x50 c:/Espressif/ESP8266_SDK/lib\libnet80211.a(ieee80211_ets.o)
                0x402195a4                ieee80211_getmgtframe
 .irom0.text    0x402195ec     0x10ef c:/Espressif/ESP8266_SDK/lib\libnet80211.a(ieee80211_hostap.o)
                               0x143b (size before relaxing)
                0x4021996c                ieee80211_hostap_attach
                0x40219a30                hostap_handle_timer
                0x40219ac4                hostap_input
                0x4021a49c                wifi_softap_start
                0x4021a5b8                wifi_softap_stop
 *fill*         0x4021a6db        0x1 
 .irom0.text    0x4021a6dc      0xa88 c:/Espressif/ESP8266_SDK/lib\libnet80211.a(ieee80211_ht.o)
                                0xb44 (size before relaxing)
                0x4021a6ec                ieee80211_ht_attach
                0x4021a73c                ieee80211_ht_node_init
                0x4021a77c                ieee80211_ht_node_cleanup
                0x4021a7b4                ieee80211_parse_htcap
                0x4021a890                ieee80211_ht_updateparams
                0x4021a9a4                ieee80211_setup_htrates
                0x4021aa78                ieee80211_setup_basic_htrates
                0x4021addc                ieee80211_add_htcap
                0x4021adf8                ieee80211_add_htcap_vendor
                0x4021af1c                ieee80211_add_htinfo
                0x4021af38                ieee80211_add_htinfo_vendor
 .irom0.text    0x4021b164      0x8e0 c:/Espressif/ESP8266_SDK/lib\libnet80211.a(ieee80211_input.o)
                                0x950 (size before relaxing)
                0x4021b164                ieee80211_deliver_data
                0x4021b1bc                ieee80211_decap
                0x4021b2c4                ieee80211_setup_rates
                0x4021b330                ieee80211_alloc_challenge
                0x4021b364                ieee80211_parse_beacon
                0x4021b7d4                ieee80211_parse_wpa
                0x4021b8ec                ieee80211_parse_rsn
                0x4021b9e8                ieee80211_parse_action
                0x4021ba40                ieee80211_setup_rateset
 .irom0.text    0x4021ba44     0x1757 c:/Espressif/ESP8266_SDK/lib\libnet80211.a(ieee80211_output.o)
                               0x199f (size before relaxing)
                0x4021ba48                ieee80211_output_pbuf
                0x4021bcc4                ieee80211_send_setup
                0x4021bdf8                ieee80211_mgmt_output
                0x4021beec                ieee80211_tx_mgt_cb
                0x4021bef0                ieee80211_send_nulldata
                0x4021c348                ieee80211_add_rates
                0x4021c380                ieee80211_add_xrates
                0x4021c41c                ieee80211_send_probereq
                0x4021c5c8                ieee80211_getcapinfo
                0x4021c624                ieee80211_send_mgmt
                0x4021cb8c                ieee80211_alloc_proberesp
                0x4021cd2c                ieee80211_send_proberesp
                0x4021d050                ieee80211_beacon_alloc
 *fill*         0x4021d19b        0x1 
 .irom0.text    0x4021d19c      0x147 c:/Espressif/ESP8266_SDK/lib\libnet80211.a(ieee80211_phy.o)
                                0x16f (size before relaxing)
                0x4021d1a0                ieee80211_get_11g_ratetable
                0x4021d1ac                ieee80211_get_ratetable
                0x4021d1c4                ieee80211_phy_init
                0x4021d1f8                ieee80211_phy_type_get
                0x4021d208                ieee80211_setup_ratetable
                0x4021d23c                ieee80211_compute_duration
                0x4021d2bc                ieee80211_dot11Rate_rix
 *fill*         0x4021d2e3        0x1 
 .irom0.text    0x4021d2e4      0x1c2 c:/Espressif/ESP8266_SDK/lib\libnet80211.a(ieee80211_power.o)
                                0x1f2 (size before relaxing)
                0x4021d2e4                ieee80211_psq_init
                0x4021d304                ieee80211_psq_cleanup
                0x4021d30c                ieee80211_set_tim
                0x4021d34c                ieee80211_pwrsave
                0x4021d3b8                pwrsave_flushq
                0x4021d470                ieee80211_node_pwrsave
 *fill*         0x4021d4a6        0x2 
 .irom0.text    0x4021d4a8      0x15b c:/Espressif/ESP8266_SDK/lib\libnet80211.a(ieee80211_proto.o)
                                0x177 (size before relaxing)
                0x4021d4ac                ieee80211_proto_attach
                0x4021d4d4                ieee80211_set_shortslottime
                0x4021d4f0                ieee80211_iserp_rateset
                0x4021d584                ieee80211_setbasicrates
                0x4021d598                ieee80211_addbasicrates
                0x4021d5ac                ieee80211_wme_initparams
                0x4021d5b0                ieee80211_wme_updateparams
                0x4021d5b4                ieee80211_mlme_connect_bss
 *fill*         0x4021d603        0x1 
 .irom0.text    0x4021d604      0xdd6 c:/Espressif/ESP8266_SDK/lib\libnet80211.a(ieee80211_scan.o)
                               0x10ba (size before relaxing)
                0x4021d610                ieee80211_scan_attach
                0x4021d6a4                scan_start
                0x4021d818                scan_pm_channel_op_cb
                0x4021d9d8                scan_cancel
                0x4021db1c                scan_add_bssid
                0x4021db40                scan_remove_bssid
                0x4021db4c                scan_hidden_ssid
                0x4021db54                scan_add_probe_ssid
                0x4021db94                scan_remove_probe_ssid
                0x4021dcc8                scan_clear_channles
                0x4021dd3c                scan_set_desChan
                0x4021dd48                scan_get_type
                0x4021dd50                cannel_scan_connect_state
                0x4021dd68                scan_connect_state
                0x4021ddb0                scan_check_hidden
                0x4021ddd8                scan_profile_check
                0x4021e104                scan_parse_beacon
 *fill*         0x4021e3da        0x2 
 .irom0.text    0x4021e3dc      0xc37 c:/Espressif/ESP8266_SDK/lib\libnet80211.a(ieee80211_sta.o)
                                0xe1e (size before relaxing)
                0x4021e408                sta_status_set
                0x4021e450                ieee80211_sta_new_state
                0x4021e718                sta_input
                0x4021ea8c                ieee80211_parse_wmeparams
                0x4021ef68                wifi_station_start
                0x4021efdc                wifi_station_stop
 *fill*         0x4021f013        0x1 
 .irom0.text    0x4021f014      0x1ee c:/Espressif/ESP8266_SDK/lib\libnet80211.a(wl_chm.o)
                                0x256 (size before relaxing)
                0x4021f020                chm_init
                0x4021f088                chm_start_op
                0x4021f130                chm_end_op
                0x4021f17c                chm_set_current_channel
                0x4021f1ac                chm_freq2index
                0x4021f1d4                chm_check_same_channel
 *fill*         0x4021f202        0x2 
 .irom0.text    0x4021f204     0x14f3 c:/Espressif/ESP8266_SDK/lib\libnet80211.a(wl_cnx.o)
                               0x193b (size before relaxing)
                0x4021f210                cnx_attach
                0x4021f250                cnx_sta_connect_led_timer_cb
                0x4021f2a4                cnx_sta_connect_cmd
                0x4021f360                cnx_sta_scan_cmd
                0x4021f5bc                cnx_connect_timeout
                0x4021f624                cnx_start_handoff_cb
                0x4021fa78                cnx_bss_alloc
                0x4021fb28                cnx_rc_search
                0x4021fbf0                cnx_add_rc
                0x4021fcec                cnx_remove_rc
                0x4021fe50                cnx_rc_update_rssi
                0x4021fed8                cnx_rc_update_state_metric
                0x4021ff44                cnx_rc_update_age
                0x4021ff68                cnx_update_bss
                0x4021ffa0                cnx_update_bss_more
                0x40220150                cnx_sta_leave
                0x40220290                cnx_sta_associated
                0x402202f8                cnx_node_alloc
                0x40220364                cnx_node_remove
                0x402203dc                cnx_node_search
                0x4022045c                cnx_node_leave
                0x40220544                cnx_node_join
 *fill*         0x402206f7        0x1 
 .irom0.text    0x402206f8      0x161 c:/Espressif/ESP8266_SDK/lib\libnet80211.a(ieee80211_action.o)
                                0x181 (size before relaxing)
                0x40220708                ieee80211_send_action_register
                0x4022073c                ieee80211_send_action_unregister
                0x40220750                ieee80211_send_action
                0x402207b4                ieee80211_recv_action_register
                0x402207e8                ieee80211_recv_action_unregister
                0x402207fc                ieee80211_recv_action
 *fill*         0x40220859        0x3 
 .irom0.text    0x4022085c     0x121e c:/Espressif/ESP8266_SDK/lib\liblwip.a(dhcp.o)
                               0x14a6 (size before relaxing)
                0x40220a6c                dhcp_coarse_tmr
                0x40220ab4                dhcp_fine_tmr
                0x40220cdc                dhcp_set_struct
                0x40220d00                dhcp_cleanup
                0x40220d24                dhcp_start
                0x40220dd4                dhcp_inform
                0x40220e7c                dhcp_network_changed
                0x40220ec4                dhcp_arp_reply
                0x4022115c                dhcp_renew
                0x4022135c                dhcp_release
                0x4022141c                dhcp_stop
 *fill*         0x40221a7a        0x2 
 .irom0.text    0x40221a7c      0xa17 c:/Espressif/ESP8266_SDK/lib\liblwip.a(dhcpserver.o)
                                0xb8f (size before relaxing)
                0x40221a7c                node_insert_to_list
                0x40221a98                node_remove_from_list
                0x402221e0                dhcps_start
                0x40222260                dhcps_stop
                0x402222c8                wifi_softap_set_dhcps_lease
                0x402223e4                dhcps_coarse_tmr
                0x40222450                wifi_softap_set_dhcps_offer_option
 *fill*         0x40222493        0x1 
 .irom0.text    0x40222494      0x59b c:/Espressif/ESP8266_SDK/lib\liblwip.a(dns.o)
                                0x64f (size before relaxing)
                0x402224a0                dns_init
                0x402224f4                dns_setserver
                0x40222520                dns_getserver
                0x402229d8                dns_gethostbyname
 *fill*         0x40222a2f        0x1 
 .irom0.text    0x40222a30      0xe70 c:/Espressif/ESP8266_SDK/lib\liblwip.a(espconn_tcp.o)
                               0x1104 (size before relaxing)
                0x40222ac0                espconn_kill_oldest_pcb
                0x40222b2c                espconn_kill_pcb
                0x40222ba4                espconn_find_current_pcb
                0x40222e78                espconn_tcp_sent
                0x40222f30                espconn_tcp_disconnect
                0x40222fb0                espconn_recv_hold
                0x40222ff4                espconn_recv_unhold
                0x402230f0                espconn_tcp_write
                0x40223314                espconn_tcp_client
                0x40223754                espconn_tcp_server
                0x402237fc                espconn_tcp_delete
                0x40223884                espconn_init
 .irom0.text    0x402238a0      0x8bf c:/Espressif/ESP8266_SDK/lib\liblwip.a(etharp.o)
                                0x9a7 (size before relaxing)
                0x402238d4                etharp_tmr
                0x40223af4                etharp_cleanup_netif
                0x40223b30                etharp_find_addr
                0x40223d88                etharp_output
                0x40223ea0                etharp_query
                0x402240c4                etharp_request
                0x402240e8                ethernet_input
 *fill*         0x4022415f        0x1 
 .irom0.text    0x40224160       0x30 c:/Espressif/ESP8266_SDK/lib\liblwip.a(init.o)
                                 0x50 (size before relaxing)
                0x40224164                lwip_init
 .irom0.text    0x40224190      0x390 c:/Espressif/ESP8266_SDK/lib\liblwip.a(ip_addr.o)
                                0x3b8 (size before relaxing)
                0x40224190                ip4_addr_isbroadcast
                0x402241bc                ip4_addr_netmask_valid
                0x40224200                ipaddr_addr
                0x4022421c                ipaddr_aton
                0x40224448                ipaddr_ntoa
                0x4022445c                ipaddr_ntoa_r
 .irom0.text    0x40224520      0x595 c:/Espressif/ESP8266_SDK/lib\liblwip.a(ip.o)
                                0x641 (size before relaxing)
                0x40224520                ip_route
                0x4022459c                ip_router
                0x40224618                ip_input
                0x4022487c                ip_output_if
                0x40224898                ip_output_if_opt
                0x40224a7c                ip_output
 *fill*         0x40224ab5        0x3 
 .irom0.text    0x40224ab8      0x27d c:/Espressif/ESP8266_SDK/lib\liblwip.a(netif.o)
                                0x2c9 (size before relaxing)
                0x40224ab8                netif_init
                0x40224ac0                netif_add
                0x40224b28                netif_set_addr
                0x40224b50                netif_remove
                0x40224bac                netif_find
                0x40224be8                netif_set_ipaddr
                0x40224c50                netif_set_gw
                0x40224c60                netif_set_netmask
                0x40224c70                netif_set_default
                0x40224c78                netif_set_up
                0x40224cb4                netif_set_down
                0x40224cd8                netif_set_link_up
                0x40224d24                netif_set_link_down
 *fill*         0x40224d35        0x3 
 .irom0.text    0x40224d38      0x622 c:/Espressif/ESP8266_SDK/lib\liblwip.a(pbuf.o)
                                0x66a (size before relaxing)
                0x40224d38                pbuf_alloc
                0x40224e88                pbuf_realloc
                0x40224ed0                pbuf_header
                0x40224f3c                pbuf_free
                0x40224fb4                pbuf_clen
                0x40224fcc                pbuf_ref
                0x40224fd8                pbuf_cat
                0x40225004                pbuf_chain
                0x40225020                pbuf_dechain
                0x4022505c                pbuf_copy
                0x40225100                pbuf_copy_partial
                0x40225188                pbuf_take
                0x402251ec                pbuf_coalesce
                0x40225220                pbuf_get_at
                0x40225248                pbuf_memcmp
                0x402252bc                pbuf_memfind
                0x40225310                pbuf_strstr
 *fill*         0x4022535a        0x2 
 .irom0.text    0x4022535c      0x1df c:/Espressif/ESP8266_SDK/lib\liblwip.a(raw.o)
                                0x233 (size before relaxing)
                0x40225364                raw_input
                0x402253ec                raw_bind
                0x402253fc                raw_connect
                0x4022540c                raw_recv
                0x40225414                raw_sendto
                0x402254b0                raw_send
                0x402254c4                raw_remove
                0x402254f8                raw_new
 *fill*         0x4022553b        0x1 
 .irom0.text    0x4022553c     0x10a9 c:/Espressif/ESP8266_SDK/lib\liblwip.a(tcp_in.o)
                               0x12ad (size before relaxing)
                0x40225540                tcp_input
 *fill*         0x402265e5        0x3 
 .irom0.text    0x402265e8      0xa47 c:/Espressif/ESP8266_SDK/lib\liblwip.a(tcp.o)
                                0xb83 (size before relaxing)
                0x402265ec                tcp_tmr
                0x40226610                tcp_close
                0x40226634                tcp_shutdown
                0x40226690                tcp_abandon
                0x40226724                tcp_abort
                0x4022673c                tcp_bind
                0x402267cc                tcp_listen_with_backlog
                0x40226880                tcp_update_rcv_ann_wnd
                0x402268c4                tcp_recved
                0x40226920                tcp_connect
                0x40226a30                tcp_slowtmr
                0x40226ca8                tcp_fasttmr
                0x40226d24                tcp_segs_free
                0x40226d40                tcp_seg_free
                0x40226d68                tcp_setprio
                0x40226d70                tcp_recv_null
                0x40226e28                tcp_alloc
                0x40226f00                tcp_new
                0x40226f14                tcp_arg
                0x40226f18                tcp_recv
                0x40226f20                tcp_sent
                0x40226f28                tcp_err
                0x40226f30                tcp_accept
                0x40226f34                tcp_poll
                0x40226f3c                tcp_pcb_purge
                0x40226f84                tcp_pcb_remove
                0x40226fec                tcp_next_iss
                0x40226ffc                tcp_eff_send_mss
 *fill*         0x4022702f        0x1 
 .irom0.text    0x40227030      0xea4 c:/Espressif/ESP8266_SDK/lib\liblwip.a(tcp_out.o)
                                0xfb8 (size before relaxing)
                0x40227130                tcp_send_fin
                0x4022731c                tcp_write
                0x40227654                tcp_enqueue_flags
                0x40227738                tcp_send_empty_ack
                0x402277cc                tcp_output
                0x40227ad0                tcp_rst
                0x40227c18                tcp_rexmit_rto
                0x40227c54                tcp_rexmit
                0x40227d00                tcp_rexmit_fast
                0x40227d58                tcp_keepalive
                0x40227dd8                tcp_zero_window_probe
 .irom0.text    0x40227ed4      0x2a3 c:/Espressif/ESP8266_SDK/lib\liblwip.a(timers.o)
                                0x33b (size before relaxing)
                0x40227f14                tcp_timer_needed
                0x40227f94                sys_timeouts_init
                0x40227ff0                sys_timeout
                0x40228068                sys_untimeout
                0x402280b4                sys_check_timeouts
                0x40228168                sys_restart_timeouts
 *fill*         0x40228177        0x1 
 .irom0.text    0x40228178      0x575 c:/Espressif/ESP8266_SDK/lib\liblwip.a(udp.o)
                                0x631 (size before relaxing)
                0x4022817c                udp_input
                0x402283dc                udp_send
                0x402283f0                udp_sendto
                0x40228440                udp_sendto_if
                0x40228590                udp_bind
                0x4022860c                udp_connect
                0x40228668                udp_disconnect
                0x40228680                udp_recv
                0x40228688                udp_remove
                0x402286bc                udp_new
 *fill*         0x402286ed        0x3 
 .irom0.text    0x402286f0      0x8ce c:/Espressif/ESP8266_SDK/lib\liblwip.a(espconn.o)
                                0x9b6 (size before relaxing)
                0x402286f0                espconn_copy_partial
                0x40228780                espconn_list_creat
                0x402287a0                espconn_list_delete
                0x402287c8                espconn_pbuf_create
                0x402287e4                espconn_pbuf_delete
                0x40228808                espconn_find_connection
                0x402288a8                espconn_connect
                0x4022898c                espconn_create
                0x402289d4                espconn_sent
                0x40228a74                espconn_tcp_get_wnd
                0x40228a98                espconn_tcp_set_wnd
                0x40228ab4                espconn_tcp_get_mss
                0x40228abc                espconn_tcp_get_max_con
                0x40228acc                espconn_tcp_set_max_con
                0x40228ae4                espconn_tcp_get_max_con_allow
                0x40228b0c                espconn_tcp_set_max_con_allow
                0x40228b40                espconn_regist_sentcb
                0x40228b4c                espconn_regist_write_finish
                0x40228b64                espconn_regist_connectcb
                0x40228b74                espconn_regist_recvcb
                0x40228b80                espconn_regist_reconcb
                0x40228b90                espconn_regist_disconcb
                0x40228ba4                espconn_get_connection_info
                0x40228c70                espconn_accept
                0x40228cb8                espconn_regist_time
                0x40228cfc                espconn_disconnect
                0x40228d2c                espconn_get_packet_info
                0x40228dbc                espconn_set_opt
                0x40228e14                espconn_clear_opt
                0x40228e74                espconn_set_keepalive
                0x40228ee0                espconn_get_keepalive
                0x40228f50                espconn_delete
                0x40228f90                espconn_gethostbyname
                0x40228fac                espconn_dns_setserver
 *fill*         0x40228fbe        0x2 
 .irom0.text    0x40228fc0      0x45a c:/Espressif/ESP8266_SDK/lib\liblwip.a(espconn_udp.o)
                                0x56e (size before relaxing)
                0x40229010                espconn_udp_sent
                0x40229278                espconn_udp_disconnect
                0x402292b0                espconn_udp_server
                0x40229314                espconn_igmp_leave
                0x40229334                espconn_igmp_join
                0x40229354                espconn_mdns_enable
                0x40229368                espconn_mdns_disable
                0x4022937c                espconn_mdns_set_hostname
                0x40229390                espconn_mdns_get_hostname
                0x402293a4                espconn_mdns_set_servername
                0x402293b8                espconn_mdns_get_servername
                0x402293cc                espconn_mdns_server_register
                0x402293e0                espconn_mdns_server_unregister
                0x402293f4                espconn_mdns_close
                0x40229408                espconn_mdns_init
 *fill*         0x4022941a        0x2 
 .irom0.text    0x4022941c      0x276 c:/Espressif/ESP8266_SDK/lib\liblwip.a(icmp.o)
                                0x31e (size before relaxing)
                0x40229420                icmp_input
                0x402295d4                icmp_dest_unreach
 *fill*         0x40229692        0x2 
 .irom0.text    0x40229694      0x5e9 c:/Espressif/ESP8266_SDK/lib\liblwip.a(igmp.o)
                                0x690 (size before relaxing)
                0x402296a0                igmp_init
                0x402296b0                igmp_start
                0x402296ec                igmp_stop
                0x4022974c                igmp_report_groups
                0x4022977c                igmp_lookfor_group
                0x40229834                igmp_input
                0x4022998c                igmp_joingroup
                0x40229a38                igmp_leavegroup
                0x40229ae0                igmp_tmr
 *fill*         0x40229c7d        0x3 
 .irom0.text    0x40229c80      0xc3b c:/Espressif/ESP8266_SDK/lib\liblwip.a(mdns.o)
                                0xeaf (size before relaxing)
                0x40229c84                getPcb
                0x4022a5d0                mdns_close
                0x4022a5ec                mdns_set_name
                0x4022a608                mdns_enable
                0x4022a624                mdns_disable
                0x4022a640                mdns_get_hostname
                0x4022a654                mdns_set_hostname
                0x4022a6c0                mdns_set_servername
                0x4022a6f0                mdns_get_servername
                0x4022a708                mdns_server_unregister
                0x4022a740                mdns_server_register
                0x4022a790                mdns_reg
                0x4022a7e0                mdns_init
 *fill*         0x4022a8bb        0x1 
 .irom0.text    0x4022a8bc      0x28e c:/Espressif/ESP8266_SDK/lib\libwpa.a(ap_config.o)